[wormax.io/index.html]
[backblue.gif]
[fade.gif]
[index.html]
[wormax.io/images/sharing_image.png]
[cdn.wormax.io/js/popupe348.js]
[wormax.io/index2139.html]
[wormax.io/index9ed2.html]
[wormax.io/index3322.html]
[cdn.wormax.io/js/preloade348.js]
[wormax.io/indexe68f.html]
[cdn.wormax.io/SnakeGame/soundmanager2-setupe348.js]
[wormax.io/index0873.html]
[wormax.io/indexcf53.html]
[cdn.wormax.io/SnakeGame/soundmanager2-jsmine348.js]
[wormax.io/index2296.html]
[wormax.io/index6bf8.html]
[cdn.wormax.io/SnakeGame/SnakeGame.nocache4613.js]
[wormax.io/index1f03.html]
[cdn.wormax.io/js/service_worker_helpere348.js]
[wormax.io/indexcdb1.html]
[wormax.io/index1ebe.html]
[www.googletagservices.com/tag/js/gpt.7.delayed]
[wormax.io/index2fa9.html]
[wormax.io/index6e27.html]
[wormax.io/indexc69a.html]
[cdn.wormax.io/js/videojs/video-jse348.css]
[wormax.io/index923c.html]
[cdn.wormax.io/js/videojs/videojs.vast.vpaid.mine348.css]
[www.google-analytics.com/analytics.js]
[cdn.wormax.io/css/popupe348.css]
[cdn.wormax.io/css/maine348.css]
[cdn.wormax.io/css/preloade348.css]
[cdn.wormax.io/images/logo_halloweene348.png]
[wormax.io/images/skip_ad_button.png]
[cdn.wormax.io/js/snakeadse348.js]
[wormax.io/onloadpixel4613.png]
[imasdk.googleapis.com/js/sdkloader/ima3.js]
[wormax.io/index.html]
[an.yandex.ru/system/context.js]
[cdn.wormax.io/SnakeGame/SnakeGame.nocachea9ea.js]
[wormax.io/onloadpixela9ea.png]
[wormax.io/index2139.html]
[cdn.wormax.io/SnakeGame/SnakeGame.nocached422.js]
[wormax.io/onloadpixeld422.png]
[wormax.io/index9ed2.html]
[cdn.wormax.io/SnakeGame/SnakeGame.nocacheb4a2.js]
[wormax.io/onloadpixelb4a2.png]
[wormax.io/index3322.html]
[cdn.wormax.io/SnakeGame/SnakeGame.nocache8bcd.js]
[wormax.io/onloadpixel8bcd.png]
[wormax.io/indexe68f.html]
[cdn.wormax.io/SnakeGame/SnakeGame.nocached5a2.js]
[wormax.io/onloadpixeld5a2.png]
[wormax.io/index0873.html]
[cdn.wormax.io/SnakeGame/SnakeGame.nocache995c.js]
[wormax.io/onloadpixel995c.png]
[wormax.io/indexcf53.html]
[cdn.wormax.io/SnakeGame/SnakeGame.nocachea57e.js]
[wormax.io/onloadpixela57e.png]
[wormax.io/index2296.html]
[cdn.wormax.io/SnakeGame/SnakeGame.nocache1112.js]
[wormax.io/onloadpixel1112.png]
[wormax.io/index6bf8.html]
[cdn.wormax.io/SnakeGame/SnakeGame.nocache7a7f.js]
[wormax.io/onloadpixel7a7f.png]
[wormax.io/index1f03.html]
[cdn.wormax.io/SnakeGame/SnakeGame.nocache6738.js]
[wormax.io/onloadpixel6738.png]
[wormax.io/indexcdb1.html]
[cdn.wormax.io/SnakeGame/SnakeGame.nocache47cf.js]
[wormax.io/onloadpixel47cf.png]
[wormax.io/index1ebe.html]
[cdn.wormax.io/SnakeGame/SnakeGame.nocache8f2a.js]
[wormax.io/onloadpixel8f2a.png]
[wormax.io/index2fa9.html]
[cdn.wormax.io/SnakeGame/SnakeGame.nocache5ddc.js]
[wormax.io/onloadpixel5ddc.png]
[wormax.io/index6e27.html]
[cdn.wormax.io/SnakeGame/SnakeGame.nocacheba81.js]
[wormax.io/onloadpixelba81.png]
[wormax.io/indexc69a.html]
[cdn.wormax.io/SnakeGame/SnakeGame.nocache85a5.js]
[wormax.io/onloadpixel85a5.png]
[wormax.io/index923c.html]
[cdn.wormax.io/js/videojs/video-jse348.css]
[cdn.wormax.io/js/videojs/videojs.vast.vpaid.mine348.css]
[cdn.wormax.io/css/popupe348.css]
[cdn.wormax.io/css/maine348.css]
[cdn.wormax.io/images/background.png]
[cdn.wormax.io/css/preloade348.css]
